// Jest Snapshot v1, https://goo.gl/fbAQLP

exports[`currently enabled projects should match snapshot 1`] = `
[
  {
    "color": "#ffab91",
    "description": "A selection of my compositions across various recent projects. Styles include instrumental, orchestral, atmospheric and more.
",
    "icon": "pulsar/favorites.svg",
    "name": "Selected Compositions",
    "role": "Composer",
    "slug": "selected-compositions",
    "sort": 1,
    "tracks": [
      {
        "aac": "https://res.cloudinary.com/deiecdwbk/video/private/br_192k:constant/v1728596694/vj2szgrhzbtbvrukys1x.aac",
        "id": Any<String>,
        "mp3": "https://res.cloudinary.com/deiecdwbk/video/private/br_192k:constant/v1728596694/vj2szgrhzbtbvrukys1x.mp3",
        "name": "The Forest Whispers",
      },
      {
        "aac": "https://res.cloudinary.com/deiecdwbk/video/private/br_192k:constant/v1728596806/nllm9byhtczirspi3fby.aac",
        "id": Any<String>,
        "mp3": "https://res.cloudinary.com/deiecdwbk/video/private/br_192k:constant/v1728596806/nllm9byhtczirspi3fby.mp3",
        "name": "Blue River Road",
      },
      {
        "aac": "https://res.cloudinary.com/deiecdwbk/video/private/br_192k:constant/v1728596431/exxtuslqpvnfdd8fehvz.aac",
        "id": Any<String>,
        "mp3": "https://res.cloudinary.com/deiecdwbk/video/private/br_192k:constant/v1728596431/exxtuslqpvnfdd8fehvz.mp3",
        "name": "The Secret (Vulgari OST)",
      },
      {
        "aac": "https://res.cloudinary.com/deiecdwbk/video/private/br_192k:constant/v1728596357/p2rsdhkbm31ry3ka9uho.aac",
        "id": Any<String>,
        "mp3": "https://res.cloudinary.com/deiecdwbk/video/private/br_192k:constant/v1728596357/p2rsdhkbm31ry3ka9uho.mp3",
        "name": "No Escape (Vulgari OST)",
      },
      {
        "aac": "https://res.cloudinary.com/deiecdwbk/video/private/br_192k:constant/v1728595849/vne7g0q6thjvmwxsw3ow.aac",
        "id": Any<String>,
        "mp3": "https://res.cloudinary.com/deiecdwbk/video/private/br_192k:constant/v1728595849/vne7g0q6thjvmwxsw3ow.mp3",
        "name": "Silent Awakening (Turning OST)",
      },
      {
        "aac": "https://res.cloudinary.com/deiecdwbk/video/private/br_192k:constant/v1728595781/vbjwnmuuswd03a3fhvks.aac",
        "id": Any<String>,
        "mp3": "https://res.cloudinary.com/deiecdwbk/video/private/br_192k:constant/v1728595781/vbjwnmuuswd03a3fhvks.mp3",
        "name": "Fireflies (Turning OST)",
      },
      {
        "aac": "https://res.cloudinary.com/deiecdwbk/video/private/br_192k:constant/v1728596692/zl31kiokawvm0t4kmboe.aac",
        "id": Any<String>,
        "mp3": "https://res.cloudinary.com/deiecdwbk/video/private/br_192k:constant/v1728596692/zl31kiokawvm0t4kmboe.mp3",
        "name": "Journey Through the Plains",
      },
      {
        "aac": "https://res.cloudinary.com/deiecdwbk/video/private/br_192k:constant/v1728596949/jzuj5ro4i2x4ue47st1b.aac",
        "id": Any<String>,
        "mp3": "https://res.cloudinary.com/deiecdwbk/video/private/br_192k:constant/v1728596949/jzuj5ro4i2x4ue47st1b.mp3",
        "name": "Overworld Map (D&D Campaign)",
      },
      {
        "aac": "https://res.cloudinary.com/deiecdwbk/video/private/br_192k:constant/v1728596519/buvaile7aovgcg9gv4sq.aac",
        "id": Any<String>,
        "mp3": "https://res.cloudinary.com/deiecdwbk/video/private/br_192k:constant/v1728596519/buvaile7aovgcg9gv4sq.mp3",
        "name": "Deep Dark Forest (Recidivia OST)",
      },
      {
        "aac": "https://res.cloudinary.com/deiecdwbk/video/private/br_192k:constant/v1728596847/wzacz7jsudepjtkcjgdk.aac",
        "id": Any<String>,
        "mp3": "https://res.cloudinary.com/deiecdwbk/video/private/br_192k:constant/v1728596847/wzacz7jsudepjtkcjgdk.mp3",
        "name": "Princess Aiysha",
      },
      {
        "aac": "https://res.cloudinary.com/deiecdwbk/video/private/br_192k:constant/v1728596360/ojh2zkpswwkcxrlbc9g5.aac",
        "id": Any<String>,
        "mp3": "https://res.cloudinary.com/deiecdwbk/video/private/br_192k:constant/v1728596360/ojh2zkpswwkcxrlbc9g5.mp3",
        "name": "Overworld (Vulgari OST)",
      },
      {
        "aac": "https://res.cloudinary.com/deiecdwbk/video/private/br_192k:constant/v1728596430/qrlmlpa5cpwwh2ksurrn.aac",
        "id": Any<String>,
        "mp3": "https://res.cloudinary.com/deiecdwbk/video/private/br_192k:constant/v1728596430/qrlmlpa5cpwwh2ksurrn.mp3",
        "name": "Sarvarā's Gate  (Vulgari OST)",
      },
    ],
  },
  {
    "color": "#f49ac1",
    "description": "A combat-less game about agriculture, economy, and exploration developed for fans of Stardew Valley, Forager, and A Link to the Past.
",
    "icon": "pulsar/leaf.svg",
    "link": "https://www.turninggame.com",
    "name": "Turning",
    "role": "Additional Composer",
    "slug": "turning",
    "sort": 98,
    "tracks": [
      {
        "aac": "https://res.cloudinary.com/deiecdwbk/video/private/br_192k:constant/v1728595851/nxlkskdf74gzjgxy32h7.aac",
        "id": Any<String>,
        "mp3": "https://res.cloudinary.com/deiecdwbk/video/private/br_192k:constant/v1728595851/nxlkskdf74gzjgxy32h7.mp3",
        "name": "Seeds of Life [Morning]",
      },
      {
        "aac": "https://res.cloudinary.com/deiecdwbk/video/private/br_192k:constant/v1728596042/fsd7rwnyadfvicwefgmt.aac",
        "id": Any<String>,
        "mp3": "https://res.cloudinary.com/deiecdwbk/video/private/br_192k:constant/v1728596042/fsd7rwnyadfvicwefgmt.mp3",
        "name": "Sunny Shovel [Morning 2]",
      },
      {
        "aac": "https://res.cloudinary.com/deiecdwbk/video/private/br_192k:constant/v1728595779/vziix3j6vecxgup1fcja.aac",
        "id": Any<String>,
        "mp3": "https://res.cloudinary.com/deiecdwbk/video/private/br_192k:constant/v1728595779/vziix3j6vecxgup1fcja.mp3",
        "name": "After the Clouds [Afternoon]",
      },
      {
        "aac": "https://res.cloudinary.com/deiecdwbk/video/private/br_192k:constant/v1728596043/x8e0evys2gthf0dw8irh.aac",
        "id": Any<String>,
        "mp3": "https://res.cloudinary.com/deiecdwbk/video/private/br_192k:constant/v1728596043/x8e0evys2gthf0dw8irh.mp3",
        "name": "The Frog's Dream [Evening]",
      },
      {
        "aac": "https://res.cloudinary.com/deiecdwbk/video/private/br_192k:constant/v1728595781/vbjwnmuuswd03a3fhvks.aac",
        "id": Any<String>,
        "mp3": "https://res.cloudinary.com/deiecdwbk/video/private/br_192k:constant/v1728595781/vbjwnmuuswd03a3fhvks.mp3",
        "name": "Fireflies [Night]",
      },
      {
        "aac": "https://res.cloudinary.com/deiecdwbk/video/private/br_192k:constant/v1728595665/x27qavxemlquxjvokeyy.aac",
        "id": Any<String>,
        "mp3": "https://res.cloudinary.com/deiecdwbk/video/private/br_192k:constant/v1728595665/x27qavxemlquxjvokeyy.mp3",
        "name": "A Day's Work",
      },
      {
        "aac": "https://res.cloudinary.com/deiecdwbk/video/private/br_192k:constant/v1728595781/weju4sros9io3qcxg8fm.aac",
        "id": Any<String>,
        "mp3": "https://res.cloudinary.com/deiecdwbk/video/private/br_192k:constant/v1728595781/weju4sros9io3qcxg8fm.mp3",
        "name": "Forest",
      },
      {
        "aac": "https://res.cloudinary.com/deiecdwbk/video/private/br_192k:constant/v1728595849/vne7g0q6thjvmwxsw3ow.aac",
        "id": Any<String>,
        "mp3": "https://res.cloudinary.com/deiecdwbk/video/private/br_192k:constant/v1728595849/vne7g0q6thjvmwxsw3ow.mp3",
        "name": "Silent Awakening",
      },
      {
        "aac": "https://res.cloudinary.com/deiecdwbk/video/private/br_192k:constant/v1728595847/qdp5hxluvcsax54pomts.aac",
        "id": Any<String>,
        "mp3": "https://res.cloudinary.com/deiecdwbk/video/private/br_192k:constant/v1728595847/qdp5hxluvcsax54pomts.mp3",
        "name": "Passage",
      },
      {
        "aac": "https://res.cloudinary.com/deiecdwbk/video/private/br_192k:constant/v1728595778/crushrlnax33s4b0wyee.aac",
        "id": Any<String>,
        "mp3": "https://res.cloudinary.com/deiecdwbk/video/private/br_192k:constant/v1728595778/crushrlnax33s4b0wyee.mp3",
        "name": "Determination",
      },
    ],
  },
  {
    "color": "#5c42fb",
    "description": "A story-driven 2D RPG under development by 1ManArmE Studios. Contributions include multiple orchestral and instrumental tracks.
",
    "icon": "pulsar/crystal.svg",
    "link": "https://twitter.com/RecidiviaRPG",
    "name": "Recidivia",
    "role": "Primary Composer",
    "slug": "recidivia",
    "sort": 99,
    "tracks": [
      {
        "aac": "https://res.cloudinary.com/deiecdwbk/video/private/br_192k:constant/v1728596519/buvaile7aovgcg9gv4sq.aac",
        "id": Any<String>,
        "mp3": "https://res.cloudinary.com/deiecdwbk/video/private/br_192k:constant/v1728596519/buvaile7aovgcg9gv4sq.mp3",
        "name": "Deep Dark Forest",
      },
      {
        "aac": "https://res.cloudinary.com/deiecdwbk/video/private/br_192k:constant/v1728596525/ivnzz0n6igpuytoemoei.aac",
        "id": Any<String>,
        "mp3": "https://res.cloudinary.com/deiecdwbk/video/private/br_192k:constant/v1728596525/ivnzz0n6igpuytoemoei.mp3",
        "name": "Penca Plains",
      },
      {
        "aac": "https://res.cloudinary.com/deiecdwbk/video/private/br_192k:constant/v1728596520/hbgxdwoxnhfofheruevx.aac",
        "id": Any<String>,
        "mp3": "https://res.cloudinary.com/deiecdwbk/video/private/br_192k:constant/v1728596520/hbgxdwoxnhfofheruevx.mp3",
        "name": "Growing Suspicions",
      },
      {
        "aac": "https://res.cloudinary.com/deiecdwbk/video/private/br_192k:constant/v1728596521/y80rwowykkd6h9cg2h4x.aac",
        "id": Any<String>,
        "mp3": "https://res.cloudinary.com/deiecdwbk/video/private/br_192k:constant/v1728596521/y80rwowykkd6h9cg2h4x.mp3",
        "name": "Inn A",
      },
      {
        "aac": "https://res.cloudinary.com/deiecdwbk/video/private/br_192k:constant/v1728596523/vq36ipv5wijxac7ftpbn.aac",
        "id": Any<String>,
        "mp3": "https://res.cloudinary.com/deiecdwbk/video/private/br_192k:constant/v1728596523/vq36ipv5wijxac7ftpbn.mp3",
        "name": "Inn B",
      },
    ],
  },
  {
    "color": "#4b914b",
    "description": "A top-down, rogue-like adventure game developed by Statson. Features strings, flutes, harps, taikos and hand perc.
",
    "icon": "pulsar/adventure.svg",
    "name": "Vulgari",
    "role": "Composer",
    "slug": "vulgaria",
    "sort": 100,
    "tracks": [
      {
        "aac": "https://res.cloudinary.com/deiecdwbk/video/private/br_192k:constant/v1728596236/pit7b1rj3ez4ftnijrhp.aac",
        "id": Any<String>,
        "mp3": "https://res.cloudinary.com/deiecdwbk/video/private/br_192k:constant/v1728596236/pit7b1rj3ez4ftnijrhp.mp3",
        "name": "Chasing Freedom",
      },
      {
        "aac": "https://res.cloudinary.com/deiecdwbk/video/private/br_192k:constant/v1728596360/ojh2zkpswwkcxrlbc9g5.aac",
        "id": Any<String>,
        "mp3": "https://res.cloudinary.com/deiecdwbk/video/private/br_192k:constant/v1728596360/ojh2zkpswwkcxrlbc9g5.mp3",
        "name": "Overworld",
      },
      {
        "aac": "https://res.cloudinary.com/deiecdwbk/video/private/br_192k:constant/v1728596240/ysnvryeuvenithehvidc.aac",
        "id": Any<String>,
        "mp3": "https://res.cloudinary.com/deiecdwbk/video/private/br_192k:constant/v1728596240/ysnvryeuvenithehvidc.mp3",
        "name": "Dungeon",
      },
      {
        "aac": "https://res.cloudinary.com/deiecdwbk/video/private/br_192k:constant/v1728596357/p2rsdhkbm31ry3ka9uho.aac",
        "id": Any<String>,
        "mp3": "https://res.cloudinary.com/deiecdwbk/video/private/br_192k:constant/v1728596357/p2rsdhkbm31ry3ka9uho.mp3",
        "name": "No Escape",
      },
      {
        "aac": "https://res.cloudinary.com/deiecdwbk/video/private/br_192k:constant/v1728596434/ic06xohby58r0ggdkavx.aac",
        "id": Any<String>,
        "mp3": "https://res.cloudinary.com/deiecdwbk/video/private/br_192k:constant/v1728596434/ic06xohby58r0ggdkavx.mp3",
        "name": "Umbra",
      },
      {
        "aac": "https://res.cloudinary.com/deiecdwbk/video/private/br_192k:constant/v1728596238/s02y1jm5lfzplkqs5pi9.aac",
        "id": Any<String>,
        "mp3": "https://res.cloudinary.com/deiecdwbk/video/private/br_192k:constant/v1728596238/s02y1jm5lfzplkqs5pi9.mp3",
        "name": "Windy Cave",
      },
      {
        "aac": "https://res.cloudinary.com/deiecdwbk/video/private/br_192k:constant/v1728596430/qrlmlpa5cpwwh2ksurrn.aac",
        "id": Any<String>,
        "mp3": "https://res.cloudinary.com/deiecdwbk/video/private/br_192k:constant/v1728596430/qrlmlpa5cpwwh2ksurrn.mp3",
        "name": "Sarvarā's Gate [Final Stage]",
      },
      {
        "aac": "https://res.cloudinary.com/deiecdwbk/video/private/br_192k:constant/v1728596431/exxtuslqpvnfdd8fehvz.aac",
        "id": Any<String>,
        "mp3": "https://res.cloudinary.com/deiecdwbk/video/private/br_192k:constant/v1728596431/exxtuslqpvnfdd8fehvz.mp3",
        "name": "The Secret",
      },
    ],
  },
]
`;
