// Jest Snapshot v1, https://goo.gl/fbAQLP

exports[`currently enabled projects should match snapshot 1`] = `
[
  {
    "color": "#ffab91",
    "description": "A selection of my compositions across various recent projects. Styles include instrumental, orchestral, atmospheric and more.
",
    "icon": "pulsar/favorites.svg",
    "name": "Selected Compositions",
    "role": "Composer",
    "slug": "selected-compositions",
    "sort": 1,
    "tracks": [
      {
        "mp3": "https://feeds.soundcloud.com/stream/1272228361",
        "name": "Blue River Road",
      },
      {
        "mp3": "https://feeds.soundcloud.com/stream/1363178761",
        "name": "No Escape (Vulgari OST)",
      },
      {
        "mp3": "https://feeds.soundcloud.com/stream/1362994615",
        "name": "Overworld (Vulgari OST)",
      },
      {
        "mp3": "https://feeds.soundcloud.com/stream/1269487699",
        "name": "Princess Aiysha",
      },
      {
        "mp3": "https://feeds.soundcloud.com/stream/1468989199",
        "name": "Deep Dark Forest (Recidivia OST)",
      },
      {
        "mp3": "https://feeds.soundcloud.com/stream/1661983896",
        "name": "Fireflies (Turning OST)",
      },
      {
        "mp3": "https://feeds.soundcloud.com/stream/1363203541",
        "name": "The Secret (Vulgari OST)",
      },
      {
        "mp3": "https://feeds.soundcloud.com/stream/1363214545",
        "name": "Sarvarā's Gate [Final Stage] (Vulgari OST)",
      },
      {
        "mp3": "https://feeds.soundcloud.com/stream/1363207933",
        "name": "Chasing Freedom (Vulgari OST)",
      },
      {
        "mp3": "https://feeds.soundcloud.com/stream/1510431769",
        "name": "Overworld Map (JRPG-Style Dungeons and Dragons Campaign)",
      },
    ],
  },
  {
    "color": "#f49ac1",
    "description": "A combat-less game about agriculture, economy, and exploration developed for fans of Stardew Valley, Forager, and A Link to the Past.
",
    "icon": "pulsar/leaf.svg",
    "link": "https://www.turninggame.com",
    "name": "Turning",
    "role": "Additional Composer",
    "slug": "turning",
    "sort": 98,
    "tracks": [
      {
        "mp3": "https://feeds.soundcloud.com/stream/1661974287",
        "name": "Seeds of Life [Morning]",
      },
      {
        "mp3": "https://feeds.soundcloud.com/stream/1661979261",
        "name": "Sunny Shovel [Morning 2]",
      },
      {
        "mp3": "https://feeds.soundcloud.com/stream/1661980971",
        "name": "After the Clouds [Afternoon]",
      },
      {
        "mp3": "https://feeds.soundcloud.com/stream/1661982381",
        "name": "The Frog's Dream [Evening]",
      },
      {
        "mp3": "https://feeds.soundcloud.com/stream/1661983896",
        "name": "Fireflies [Night]",
      },
      {
        "mp3": "https://feeds.soundcloud.com/stream/1661985333",
        "name": "A Day's Work",
      },
      {
        "mp3": "https://feeds.soundcloud.com/stream/1661991063",
        "name": "Forest",
      },
      {
        "mp3": "https://feeds.soundcloud.com/stream/1661999643",
        "name": "Silent Awakening",
      },
      {
        "mp3": "https://feeds.soundcloud.com/stream/1661987727",
        "name": "Passage",
      },
      {
        "mp3": "https://feeds.soundcloud.com/stream/1661989830",
        "name": "Determination",
      },
    ],
  },
  {
    "color": "#5c42fb",
    "description": "A story-driven 2D RPG under development by 1ManArmE Studios. Contributions include multiple orchestral and instrumental tracks.
",
    "icon": "pulsar/crystal.svg",
    "link": "https://twitter.com/RecidiviaRPG",
    "name": "Recidivia",
    "role": "Primary Composer",
    "slug": "recidivia",
    "sort": 99,
    "tracks": [
      {
        "mp3": "https://feeds.soundcloud.com/stream/1468989199",
        "name": "Deep Dark Forest",
      },
      {
        "mp3": "https://feeds.soundcloud.com/stream/1468987642",
        "name": "Penca Plains",
      },
      {
        "mp3": "https://feeds.soundcloud.com/stream/1468969438",
        "name": "Growing Suspicions",
      },
      {
        "mp3": "https://feeds.soundcloud.com/stream/1468955629",
        "name": "Inn A",
      },
      {
        "mp3": "https://feeds.soundcloud.com/stream/1468955386",
        "name": "Inn B",
      },
    ],
  },
  {
    "color": "#4b914b",
    "description": "A top-down, rogue-like adventure game developed by Statson. Features strings, flutes, harps, taikos and hand perc.
",
    "icon": "pulsar/adventure.svg",
    "name": "Vulgari",
    "role": "Composer",
    "slug": "vulgaria",
    "sort": 100,
    "tracks": [
      {
        "mp3": "https://feeds.soundcloud.com/stream/1363207933",
        "name": "Chasing Freedom",
      },
      {
        "mp3": "https://feeds.soundcloud.com/stream/1362994615",
        "name": "Overworld",
      },
      {
        "mp3": "https://feeds.soundcloud.com/stream/1363175623",
        "name": "Dungeon",
      },
      {
        "mp3": "https://feeds.soundcloud.com/stream/1363178761",
        "name": "No Escape",
      },
      {
        "mp3": "https://feeds.soundcloud.com/stream/1363186105",
        "name": "Umbra",
      },
      {
        "mp3": "https://feeds.soundcloud.com/stream/1363189672",
        "name": "Windy Cave",
      },
      {
        "mp3": "https://feeds.soundcloud.com/stream/1363214545",
        "name": "Sarvarā's Gate [Final Stage]",
      },
      {
        "mp3": "https://feeds.soundcloud.com/stream/1363203541",
        "name": "The Secret",
      },
    ],
  },
]
`;
