// Jest Snapshot v1, https://goo.gl/fbAQLP

exports[`mediaBox matches snapshot for default options 1`] = `
<div>
  <div
    class="box flat box horizontal"
  >
    <div
      class="image"
    >
      <img
        alt="Test Image"
        data-nimg="1"
        decoding="async"
        height="40"
        loading="lazy"
        src="/_next/image?url=%2Fimg.jpg&w=96&q=75"
        srcset="/_next/image?url=%2Fimg.jpg&w=48&q=75 1x, /_next/image?url=%2Fimg.jpg&w=96&q=75 2x"
        style="color: transparent;"
        width="40"
      />
    </div>
    <div
      class="content"
    >
      <h3
        class="textHeadingXXSmall"
      >
        Test Heading
      </h3>
      Test Content
    </div>
  </div>
</div>
`;
