// Jest Snapshot v1, https://goo.gl/fbAQLP

exports[`project matches snapshot 1`] = `
<article
  class="box hover container"
>
  <div
    class="info"
  >
    <img
      alt=""
      data-nimg="1"
      decoding="async"
      height="46"
      loading="lazy"
      src="/images/icons/pulsar/leaf.svg"
      style="color: transparent;"
      width="46"
    />
    <div
      class="badge"
    >
      Composer
    </div>
  </div>
  <h3
    class="textHeadingSmall"
  >
    Test Project
  </h3>
  <p>
    A test project.
  </p>
  <div
    class="viewMore"
  >
    <a
      href="https://www.test-project.com"
    >
      View project website
      <span
        class="lineRounded arrowDiagonal hasTextBefore arrow"
        data-testid="icon"
      />
    </a>
  </div>
</article>
`;
