// Jest Snapshot v1, https://goo.gl/fbAQLP

exports[`projects matches snapshot 1`] = `
<div>
  <section
    class="container"
  >
    <div
      class="content"
    >
      <div
        class="heading"
      >
        <h1
          class="textHeadingMedium"
          id="portfolio"
        >
          Take a look at my
           
          <span
            class="textHighlight3"
          >
            music portfolio
          </span>
        </h1>
      </div>
      <div
        class="list"
      >
        <article
          class="box hover container"
        >
          <div
            class="info"
          >
            <div
              class="badge"
            >
              Composer
            </div>
          </div>
          <h3
            class="textHeadingSmall"
          >
            Test Project A
          </h3>
          <p>
            Project A description.
          </p>
          <div
            class="soundcloud"
          />
        </article>
        <article
          class="box hover container"
        >
          <div
            class="info"
          >
            <div
              class="badge"
            >
              Additional Composer
            </div>
          </div>
          <h3
            class="textHeadingSmall"
          >
            Test Project B
          </h3>
          <p>
            Project B description.
          </p>
          <div
            class="soundcloud"
          />
        </article>
      </div>
    </div>
  </section>
</div>
`;
